# Last Modified: Tue Aug 13 11:55:18 2019
#include <tunables/global>

/usr/bin/snap flags=(complain) {
 	#include <abstractions/base>

 	/lib/x86_64-linux-gnu/ld-*.so mr,
 	/proc/version	r,
	/usr/bin/snap mr,
	/usr/lib/os-release	r,
	

}
